PHP is workingphpinfo()
PHP Version => 8.4.8

System => Windows NT HEROELPIW 10.0 build 26100 (Windows 11) AMD64
Build Date => Jun  3 2025 17:35:57
Build System => Microsoft Windows Server 2022 Datacenter [10.0.20348]
Compiler => Visual C++ 2022
Architecture => x64
Configure Command => cscript /nologo /e:jscript configure.js  "--enable-snapshot-build" "--enable-debug-pack" "--disable-zts" "--enable-object-out-dir=../obj/" "--enable-com-dotnet=shared" "--without-analyzer" "--with-pgo"
Server API => Command Line Interface
Virtual Directory Support => disabled
Configuration File (php.ini) Path =>  
Loaded Configuration File => C:\laragon\bin\php\php-8.4.8-nts-Win32-vs17-x64\php.ini
Scan this dir for additional .ini files => (none)
Additional .ini files parsed => (none)
PHP API => 20240924
PHP Extension => 20240924
Zend Extension => 420240924
Zend Extension Build => API420240924,NTS,VS17
PHP Extension Build => API20240924,NTS,VS17
PHP Integer Size => 64 bits
Debug Build => no
Thread Safety => disabled
Zend Signal Handling => disabled
Zend Memory Manager => enabled
Zend Multibyte Support => provided by mbstring
Zend Max Execution Timers => disabled
IPv6 Support => enabled
DTrace Support => disabled

Registered PHP Streams => compress.zlib, php, file, glob, data, http, ftp, https, ftps, phar
Registered Stream Socket Transports => tcp, udp, ssl, tls, tlsv1.0, tlsv1.1, tlsv1.2, tlsv1.3
Registered Stream Filters => convert.iconv.*, zlib.*, string.rot13, string.toupper, string.tolower, convert.*, consumed, dechunk

This program makes use of the Zend Scripting Language Engine:
Zend Engine v4.4.8, Copyright (c) Zend Technologies


 _______________________________________________________________________


Configuration

bcmath

BCMath support => enabled

Directive => Local Value => Master Value
bcmath.scale => 0 => 0

calendar

Calendar support => enabled

Core

PHP Version => 8.4.8

Directive => Local Value => Master Value
allow_url_fopen => On => On
allow_url_include => Off => Off
arg_separator.input => & => &
arg_separator.output => & => &
auto_append_file => no value => no value
auto_globals_jit => On => On
auto_prepend_file => no value => no value
browscap => no value => no value
default_charset => UTF-8 => UTF-8
default_mimetype => text/html => text/html
disable_classes => no value => no value
disable_functions => no value => no value
display_errors => Off => Off
display_startup_errors => Off => Off
doc_root => no value => no value
docref_ext => no value => no value
docref_root => no value => no value
enable_dl => Off => Off
enable_post_data_reading => On => On
error_append_string => no value => no value
error_log => no value => no value
error_log_mode => 0644 => 0644
error_prepend_string => no value => no value
error_reporting => 22527 => 22527
expose_php => On => On
extension_dir => ext => ext
fiber.stack_size => no value => no value
file_uploads => On => On
hard_timeout => 2 => 2
highlight.comment => <span style="color: #FF8000">#FF8000</span> => <span style="color: #FF8000">#FF8000</span>
highlight.default => <span style="color: #0000BB">#0000BB</span> => <span style="color: #0000BB">#0000BB</span>
highlight.html => <span style="color: #000000">#000000</span> => <span style="color: #000000">#000000</span>
highlight.keyword => <span style="color: #007700">#007700</span> => <span style="color: #007700">#007700</span>
highlight.string => <span style="color: #DD0000">#DD0000</span> => <span style="color: #DD0000">#DD0000</span>
html_errors => Off => Off
ignore_repeated_errors => Off => Off
ignore_repeated_source => Off => Off
ignore_user_abort => Off => Off
implicit_flush => On => On
include_path => .;C:\php\pear => .;C:\php\pear
input_encoding => no value => no value
internal_encoding => no value => no value
log_errors => On => On
mail.add_x_header => Off => Off
mail.force_extra_parameters => no value => no value
mail.log => no value => no value
mail.mixed_lf_and_crlf => Off => Off
max_execution_time => 0 => 0
max_file_uploads => 20 => 20
max_input_nesting_level => 64 => 64
max_input_time => -1 => -1
max_input_vars => 1000 => 1000
max_multipart_body_parts => -1 => -1
memory_limit => 128M => 128M
open_basedir => no value => no value
output_buffering => 0 => 0
output_encoding => no value => no value
output_handler => no value => no value
post_max_size => 8M => 8M
precision => 14 => 14
realpath_cache_size => 4096K => 4096K
realpath_cache_ttl => 120 => 120
register_argc_argv => On => On
report_memleaks => On => On
report_zend_debug => Off => Off
request_order => GP => GP
sendmail_from => no value => no value
sendmail_path => no value => no value
serialize_precision => -1 => -1
short_open_tag => Off => Off
SMTP => localhost => localhost
smtp_port => 25 => 25
sys_temp_dir => no value => no value
syslog.facility => LOG_USER => LOG_USER
syslog.filter => no-ctrl => no-ctrl
syslog.ident => php => php
unserialize_callback_func => no value => no value
upload_max_filesize => 2M => 2M
upload_tmp_dir => no value => no value
user_dir => no value => no value
user_ini.cache_ttl => 300 => 300
user_ini.filename => .user.ini => .user.ini
variables_order => GPCS => GPCS
windows.show_crt_warning => Off => Off
xmlrpc_error_number => 0 => 0
xmlrpc_errors => Off => Off
zend.assertions => -1 => -1
zend.detect_unicode => On => On
zend.enable_gc => On => On
zend.exception_ignore_args => On => On
zend.exception_string_param_max_len => 0 => 0
zend.max_allowed_stack_size => 0 => 0
zend.multibyte => Off => Off
zend.reserved_stack_size => 0 => 0
zend.script_encoding => no value => no value

ctype

ctype functions => enabled

curl

cURL support => enabled
cURL Information => 8.12.1
Age => 11
Features
AsynchDNS => Yes
CharConv => No
Debug => No
GSS-Negotiate => No
IDN => Yes
IPv6 => Yes
krb4 => No
Largefile => Yes
libz => Yes
NTLM => Yes
NTLMWB => No
SPNEGO => Yes
SSL => Yes
SSPI => Yes
TLS-SRP => No
HTTP2 => Yes
GSSAPI => No
KERBEROS5 => Yes
UNIX_SOCKETS => Yes
PSL => No
HTTPS_PROXY => Yes
MULTI_SSL => No
BROTLI => No
ALTSVC => Yes
HTTP3 => No
UNICODE => No
ZSTD => No
HSTS => Yes
GSASL => No
Protocols => dict, file, ftp, ftps, gopher, gophers, http, https, imap, imaps, ldap, ldaps, mqtt, pop3, pop3s, rtsp, scp, sftp, smb, smbs, smtp, smtps, telnet, tftp, ws, wss
Host => x86_64-pc-win32
SSL Version => OpenSSL/3.0.16
ZLib Version => 1.3.1
libSSH Version => libssh2/1.11.1

Directive => Local Value => Master Value
curl.cainfo => no value => no value

date

date/time support => enabled
timelib version => 2022.12
"Olson" Timezone Database Version => 2025.2
Timezone Database => internal
Default timezone => UTC

Directive => Local Value => Master Value
date.default_latitude => 31.7667 => 31.7667
date.default_longitude => 35.2333 => 35.2333
date.sunrise_zenith => 90.833333 => 90.833333
date.sunset_zenith => 90.833333 => 90.833333
date.timezone => UTC => UTC

dom

DOM/XML => enabled
DOM/XML API Version => 20031129
libxml Version => 2.11.9
HTML Support => enabled
XPath Support => enabled
XPointer Support => enabled
Schema Support => enabled
RelaxNG Support => enabled

filter

Input Validation and Filtering => enabled

Directive => Local Value => Master Value
filter.default => unsafe_raw => unsafe_raw
filter.default_flags => no value => no value

hash

hash support => enabled
Hashing Engines => md2 md4 md5 sha1 sha224 sha256 sha384 sha512/224 sha512/256 sha512 sha3-224 sha3-256 sha3-384 sha3-512 ripemd128 ripemd160 ripemd256 ripemd320 whirlpool tiger128,3 tiger160,3 tiger192,3 tiger128,4 tiger160,4 tiger192,4 snefru snefru256 gost gost-crypto adler32 crc32 crc32b crc32c fnv132 fnv1a32 fnv164 fnv1a64 joaat murmur3a murmur3c murmur3f xxh32 xxh64 xxh3 xxh128 haval128,3 haval160,3 haval192,3 haval224,3 haval256,3 haval128,4 haval160,4 haval192,4 haval224,4 haval256,4 haval128,5 haval160,5 haval192,5 haval224,5 haval256,5 

MHASH support => Enabled
MHASH API Version => Emulated Support

iconv

iconv support => enabled
iconv implementation => "libiconv"
iconv library version => 1.17

Directive => Local Value => Master Value
iconv.input_encoding => no value => no value
iconv.internal_encoding => no value => no value
iconv.output_encoding => no value => no value

json

json support => enabled

libxml

libXML support => active
libXML Compiled Version => 2.11.9
libXML Loaded Version => 21109
libXML streams => enabled

mbstring

Multibyte Support => enabled
Multibyte string engine => libmbfl
HTTP input encoding translation => disabled
libmbfl version => 1.3.2

mbstring extension makes use of "streamable kanji code filter and converter", which is distributed under the GNU Lesser General Public License version 2.1.

Multibyte (japanese) regex support => enabled
Multibyte regex (oniguruma) version => 6.9.9

Directive => Local Value => Master Value
mbstring.detect_order => no value => no value
mbstring.encoding_translation => Off => Off
mbstring.http_input => no value => no value
mbstring.http_output => no value => no value
mbstring.http_output_conv_mimetypes => ^(text/|application/xhtml\+xml) => ^(text/|application/xhtml\+xml)
mbstring.internal_encoding => no value => no value
mbstring.language => neutral => neutral
mbstring.regex_retry_limit => 1000000 => 1000000
mbstring.regex_stack_limit => 100000 => 100000
mbstring.strict_detection => Off => Off
mbstring.substitute_character => no value => no value

mysqlnd

mysqlnd => enabled
Version => mysqlnd 8.4.8
Compression => supported
core SSL => supported
extended SSL => supported
Command buffer size => 4096
Read buffer size => 32768
Read timeout => 86400
Collecting statistics => Yes
Collecting memory statistics => No
Tracing => n/a
Loaded plugins => mysqlnd,debug_trace,auth_plugin_mysql_native_password,auth_plugin_mysql_clear_password,auth_plugin_caching_sha2_password,auth_plugin_sha256_password
API Extensions => pdo_mysql

openssl

OpenSSL support => enabled
OpenSSL Library Version => OpenSSL 3.0.16 11 Feb 2025
OpenSSL Header Version => OpenSSL 3.0.16 11 Feb 2025
Openssl default config => C:\Program Files\Common Files\SSL/openssl.cnf

Directive => Local Value => Master Value
openssl.cafile => no value => no value
openssl.capath => no value => no value

pcre

PCRE (Perl Compatible Regular Expressions) Support => enabled
PCRE Library Version => 10.44 2024-06-07
PCRE Unicode Version => 15.0.0
PCRE JIT Support => enabled
PCRE JIT Target => x86 64bit (little endian + unaligned)

Directive => Local Value => Master Value
pcre.backtrack_limit => 1000000 => 1000000
pcre.jit => On => On
pcre.recursion_limit => 100000 => 100000

PDO

PDO support => enabled
PDO drivers => mysql

pdo_mysql

PDO Driver for MySQL => enabled
Client API version => mysqlnd 8.4.8

Phar

Phar: PHP Archive support => enabled
Phar API version => 1.1.1
Phar-based phar archives => enabled
Tar-based phar archives => enabled
ZIP-based phar archives => enabled
gzip compression => enabled
bzip2 compression => disabled (install ext/bz2)
OpenSSL support => enabled


Phar based on pear/PHP_Archive, original concept by Davey Shafik.
Phar fully realized by Gregory Beaver and Marcus Boerger.
Portions of tar implementation Copyright (c) 2003-2009 Tim Kientzle.
Directive => Local Value => Master Value
phar.cache_list => no value => no value
phar.readonly => On => On
phar.require_hash => On => On

random

Version => 8.4.8

readline

Readline Support => enabled
Readline library => WinEditLine

Directive => Local Value => Master Value
cli.pager => no value => no value
cli.prompt => \b \>  => \b \> 

Reflection

Reflection => enabled

session

Session Support => enabled
Registered save handlers => files user 
Registered serializer handlers => php_serialize php php_binary 

Directive => Local Value => Master Value
session.auto_start => Off => Off
session.cache_expire => 180 => 180
session.cache_limiter => nocache => nocache
session.cookie_domain => no value => no value
session.cookie_httponly => Off => Off
session.cookie_lifetime => 0 => 0
session.cookie_path => / => /
session.cookie_samesite => no value => no value
session.cookie_secure => Off => Off
session.gc_divisor => 1000 => 1000
session.gc_maxlifetime => 1440 => 1440
session.gc_probability => 1 => 1
session.lazy_write => On => On
session.name => PHPSESSID => PHPSESSID
session.referer_check => no value => no value
session.save_handler => files => files
session.save_path => no value => no value
session.serialize_handler => php => php
session.sid_bits_per_character => 4 => 4
session.sid_length => 32 => 32
session.upload_progress.cleanup => On => On
session.upload_progress.enabled => On => On
session.upload_progress.freq => 1% => 1%
session.upload_progress.min_freq => 1 => 1
session.upload_progress.name => PHP_SESSION_UPLOAD_PROGRESS => PHP_SESSION_UPLOAD_PROGRESS
session.upload_progress.prefix => upload_progress_ => upload_progress_
session.use_cookies => On => On
session.use_only_cookies => On => On
session.use_strict_mode => Off => Off
session.use_trans_sid => Off => Off

SimpleXML

SimpleXML support => enabled
Schema support => enabled

SPL

SPL support => enabled
Interfaces => OuterIterator, RecursiveIterator, SeekableIterator, SplObserver, SplSubject
Classes => AppendIterator, ArrayIterator, ArrayObject, BadFunctionCallException, BadMethodCallException, CachingIterator, CallbackFilterIterator, DirectoryIterator, DomainException, EmptyIterator, FilesystemIterator, FilterIterator, GlobIterator, InfiniteIterator, InvalidArgumentException, IteratorIterator, LengthException, LimitIterator, LogicException, MultipleIterator, NoRewindIterator, OutOfBoundsException, OutOfRangeException, OverflowException, ParentIterator, RangeException, RecursiveArrayIterator, RecursiveCachingIterator, RecursiveCallbackFilterIterator, RecursiveDirectoryIterator, RecursiveFilterIterator, RecursiveIteratorIterator, RecursiveRegexIterator, RecursiveTreeIterator, RegexIterator, RuntimeException, SplDoublyLinkedList, SplFileInfo, SplFileObject, SplFixedArray, SplHeap, SplMinHeap, SplMaxHeap, SplObjectStorage, SplPriorityQueue, SplQueue, SplStack, SplTempFileObject, UnderflowException, UnexpectedValueException

standard

Dynamic Library Support => enabled
Internal Sendmail Support for Windows => enabled

Directive => Local Value => Master Value
assert.active => On => On
assert.bail => Off => Off
assert.callback => no value => no value
assert.exception => On => On
assert.warning => On => On
auto_detect_line_endings => Off => Off
default_socket_timeout => 60 => 60
from => no value => no value
session.trans_sid_hosts => no value => no value
session.trans_sid_tags => a=href,area=href,frame=src,form= => a=href,area=href,frame=src,form=
unserialize_max_depth => 4096 => 4096
url_rewriter.hosts => no value => no value
url_rewriter.tags => form= => form=
user_agent => no value => no value

tokenizer

Tokenizer Support => enabled

xml

XML Support => active
XML Namespace Support => active
libxml2 Version => 2.11.9

xmlreader

XMLReader => enabled

xmlwriter

XMLWriter => enabled

zlib

ZLib Support => enabled
Stream Wrapper => compress.zlib://
Stream Filter => zlib.inflate, zlib.deflate
Compiled Version => 1.3.1
Linked Version => 1.3.1

Directive => Local Value => Master Value
zlib.output_compression => Off => Off
zlib.output_compression_level => -1 => -1
zlib.output_handler => no value => no value

Additional Modules

Module Name

Environment

Variable => Value
ALLUSERSPROFILE => C:\ProgramData
APPDATA => C:\Users\polas\AppData\Roaming
asl.log => Destination=file
ChocolateyInstall => C:\ProgramData\chocolatey
ChocolateyLastPathUpdate => 133946517349977224
CommonProgramFiles => C:\Program Files\Common Files
CommonProgramFiles(x86) => C:\Program Files (x86)\Common Files
CommonProgramW6432 => C:\Program Files\Common Files
COMPUTERNAME => HEROELPIW
ComSpec => C:\WINDOWS\system32\cmd.exe
DriverData => C:\Windows\System32\Drivers\DriverData
EFC_13268_1592913036 => 1
ESET_OPTIONS =>                                                                                                                                                                                                                                                                                                                                                                                                                                                                                                                                
FPS_BROWSER_APP_PROFILE_STRING => Internet Explorer
FPS_BROWSER_USER_PROFILE_STRING => Default
HOMEDRIVE => C:
HOMEPATH => \Users\polas
LEVEL_ZERO_V1_SDK_PATH => C:\Program Files\LevelZeroSDK\1.21.10\
LOCALAPPDATA => C:\Users\polas\AppData\Local
LOGONSERVER => \\HEROELPIW
NUMBER_OF_PROCESSORS => 16
NVIDIAWHITELISTED => 0x01
OneDrive => C:\Users\polas\OneDrive
OneDriveConsumer => C:\Users\polas\OneDrive
OS => Windows_NT
Path => C:\Program Files\PowerShell\7;C:\Program Files\Common Files\Oracle\Java\javapath;C:\Program Files (x86)\Common Files\Oracle\Java\java8path;C:\Program Files (x86)\Common Files\Oracle\Java\javapath;C:\WINDOWS\system32;C:\WINDOWS;C:\WINDOWS\System32\Wbem;C:\WINDOWS\System32\WindowsPowerShell\v1.0\;C:\WINDOWS\System32\OpenSSH\;C:\Program Files (x86)\NVIDIA Corporation\PhysX\Common;C:\Program Files\gs\gs10.04.0\bin;C:\Program Files\dotnet\;C:\Program Files (x86)\eID_klient\;C:\Program Files (x86)\eID_klient\redist_x64\;C:\Program Files (x86)\QuickTime\QTSystem\;C:\Program Files (x86)\ZeroTier\One\;C:\Program Files\WebStorage Drive\1.2.0.1\;C:\Program Files\Microsoft SQL Server\150\Tools\Binn\;C:\Program Files (x86)\Gpg4win\..\GnuPG\bin;C:\ProgramData\chocolatey\bin;C:\Program Files\PowerShell\7\;C:\laragon\bin\php\php-8.4.8-nts-Win32-vs17-x64;C:\ProgramData\ComposerSetup\bin;C:\Program Files\nodejs\;C:\Program Files\VSCodium\bin;C:\Program Files\Docker\Docker\resources\bin;C:\Program Files\Git\cmd;C:\Program Files\Microsoft VS Code\bin;C:\Program Files\Microsoft VS Code Insiders\bin;C:\Users\polas\scoop\shims;C:\laragon\bin\composer;C:\laragon\bin\git\bin;C:\laragon\bin\git\cmd;C:\laragon\bin\git\mingw64\bin;C:\laragon\bin\git\usr\bin;C:\laragon\bin\mysql\mysql-8.4.3-winx64\bin;C:\laragon\bin\ngrok;C:\laragon\bin\nodejs\node-v22;C:\laragon\bin\php\php-8.3.16-Win32-vs16-x64;C:\laragon\bin\python\python-3.13;C:\laragon\bin\python\python-3.13\Scripts;C:\laragon\usr\bin;C:\Users\polas\AppData\Local\Yarn\config\global\node_modules\.bin;C:\Users\polas\AppData\Roaming\Composer\vendor\bin;C:\Users\polas\AppData\Roaming\npm;C:\Users\polas\.cargo\bin;C:\Users\polas\AppData\Local\Programs\Python\Python312\Scripts\;C:\Users\polas\AppData\Local\Programs\Python\Python312\;C:\Users\polas\AppData\Local\Programs\Python\Python313\Scripts\;C:\Users\polas\AppData\Local\Programs\Python\Python313\;C:\Users\polas\AppData\Local\Microsoft\WindowsApps
PATHEXT => .COM;.EXE;.BAT;.CMD;.VBS;.VBE;.JS;.JSE;.WSF;.WSH;.MSC;.CPL
POWERSHELL_DISTRIBUTION_CHANNEL => MSI:Windows 10 Pro
PROCESSOR_ARCHITECTURE => AMD64
PROCESSOR_IDENTIFIER => Intel64 Family 6 Model 186 Stepping 2, GenuineIntel
PROCESSOR_LEVEL => 6
PROCESSOR_REVISION => ba02
ProgramData => C:\ProgramData
ProgramFiles => C:\Program Files
ProgramFiles(x86) => C:\Program Files (x86)
ProgramW6432 => C:\Program Files
PSModulePath => C:\Users\polas\OneDrive\Dokumenty\PowerShell\Modules;C:\Program Files\PowerShell\Modules;c:\program files\powershell\7\Modules;C:\Program Files\WindowsPowerShell\Modules;C:\WINDOWS\system32\WindowsPowerShell\v1.0\Modules
PUBLIC => C:\Users\Public
SESSIONNAME => Console
SHIM_MCCOMPAT => 0x810000001
SSH_SOCKET_DIR => ~/.ssh
SystemDrive => C:
SystemRoot => C:\WINDOWS
TEMP => C:\Users\polas\AppData\Local\Temp
TERM_PROGRAM => WarpTerminal
TMP => C:\Users\polas\AppData\Local\Temp
USERDOMAIN => HEROELPIW
USERDOMAIN_ROAMINGPROFILE => HEROELPIW
USERNAME => polas
USERPROFILE => C:\Users\polas
WARP_HONOR_PS1 => 0
WARP_IS_LOCAL_SHELL_SESSION => 1
WARP_SHELL_DEBUG_MODE => 0
WARP_USE_SSH_WRAPPER => 1
windir => C:\WINDOWS
ZES_ENABLE_SYSMAN => 1

PHP Variables

Variable => Value
$_SERVER['ALLUSERSPROFILE'] => C:\ProgramData
$_SERVER['APPDATA'] => C:\Users\polas\AppData\Roaming
$_SERVER['ChocolateyInstall'] => C:\ProgramData\chocolatey
$_SERVER['ChocolateyLastPathUpdate'] => 133946517349977224
$_SERVER['CommonProgramFiles'] => C:\Program Files\Common Files
$_SERVER['CommonProgramFiles(x86)'] => C:\Program Files (x86)\Common Files
$_SERVER['CommonProgramW6432'] => C:\Program Files\Common Files
$_SERVER['COMPUTERNAME'] => HEROELPIW
$_SERVER['ComSpec'] => C:\WINDOWS\system32\cmd.exe
$_SERVER['DriverData'] => C:\Windows\System32\Drivers\DriverData
$_SERVER['EFC_13268_1592913036'] => 1
$_SERVER['ESET_OPTIONS'] =>                                                                                                                                                                                                                                                                                                                                                                                                                                                                                                                                
$_SERVER['FPS_BROWSER_APP_PROFILE_STRING'] => Internet Explorer
$_SERVER['FPS_BROWSER_USER_PROFILE_STRING'] => Default
$_SERVER['HOMEDRIVE'] => C:
$_SERVER['HOMEPATH'] => \Users\polas
$_SERVER['LEVEL_ZERO_V1_SDK_PATH'] => C:\Program Files\LevelZeroSDK\1.21.10\
$_SERVER['LOCALAPPDATA'] => C:\Users\polas\AppData\Local
$_SERVER['LOGONSERVER'] => \\HEROELPIW
$_SERVER['NUMBER_OF_PROCESSORS'] => 16
$_SERVER['NVIDIAWHITELISTED'] => 0x01
$_SERVER['OneDrive'] => C:\Users\polas\OneDrive
$_SERVER['OneDriveConsumer'] => C:\Users\polas\OneDrive
$_SERVER['OS'] => Windows_NT
$_SERVER['Path'] => C:\Program Files\PowerShell\7;C:\Program Files\Common Files\Oracle\Java\javapath;C:\Program Files (x86)\Common Files\Oracle\Java\java8path;C:\Program Files (x86)\Common Files\Oracle\Java\javapath;C:\WINDOWS\system32;C:\WINDOWS;C:\WINDOWS\System32\Wbem;C:\WINDOWS\System32\WindowsPowerShell\v1.0\;C:\WINDOWS\System32\OpenSSH\;C:\Program Files (x86)\NVIDIA Corporation\PhysX\Common;C:\Program Files\gs\gs10.04.0\bin;C:\Program Files\dotnet\;C:\Program Files (x86)\eID_klient\;C:\Program Files (x86)\eID_klient\redist_x64\;C:\Program Files (x86)\QuickTime\QTSystem\;C:\Program Files (x86)\ZeroTier\One\;C:\Program Files\WebStorage Drive\1.2.0.1\;C:\Program Files\Microsoft SQL Server\150\Tools\Binn\;C:\Program Files (x86)\Gpg4win\..\GnuPG\bin;C:\ProgramData\chocolatey\bin;C:\Program Files\PowerShell\7\;C:\laragon\bin\php\php-8.4.8-nts-Win32-vs17-x64;C:\ProgramData\ComposerSetup\bin;C:\Program Files\nodejs\;C:\Program Files\VSCodium\bin;C:\Program Files\Docker\Docker\resources\bin;C:\Program Files\Git\cmd;C:\Program Files\Microsoft VS Code\bin;C:\Program Files\Microsoft VS Code Insiders\bin;C:\Users\polas\scoop\shims;C:\laragon\bin\composer;C:\laragon\bin\git\bin;C:\laragon\bin\git\cmd;C:\laragon\bin\git\mingw64\bin;C:\laragon\bin\git\usr\bin;C:\laragon\bin\mysql\mysql-8.4.3-winx64\bin;C:\laragon\bin\ngrok;C:\laragon\bin\nodejs\node-v22;C:\laragon\bin\php\php-8.3.16-Win32-vs16-x64;C:\laragon\bin\python\python-3.13;C:\laragon\bin\python\python-3.13\Scripts;C:\laragon\usr\bin;C:\Users\polas\AppData\Local\Yarn\config\global\node_modules\.bin;C:\Users\polas\AppData\Roaming\Composer\vendor\bin;C:\Users\polas\AppData\Roaming\npm;C:\Users\polas\.cargo\bin;C:\Users\polas\AppData\Local\Programs\Python\Python312\Scripts\;C:\Users\polas\AppData\Local\Programs\Python\Python312\;C:\Users\polas\AppData\Local\Programs\Python\Python313\Scripts\;C:\Users\polas\AppData\Local\Programs\Python\Python313\;C:\Users\polas\AppData\Local\Microsoft\WindowsApps
$_SERVER['PATHEXT'] => .COM;.EXE;.BAT;.CMD;.VBS;.VBE;.JS;.JSE;.WSF;.WSH;.MSC;.CPL
$_SERVER['POWERSHELL_DISTRIBUTION_CHANNEL'] => MSI:Windows 10 Pro
$_SERVER['PROCESSOR_ARCHITECTURE'] => AMD64
$_SERVER['PROCESSOR_IDENTIFIER'] => Intel64 Family 6 Model 186 Stepping 2, GenuineIntel
$_SERVER['PROCESSOR_LEVEL'] => 6
$_SERVER['PROCESSOR_REVISION'] => ba02
$_SERVER['ProgramData'] => C:\ProgramData
$_SERVER['ProgramFiles'] => C:\Program Files
$_SERVER['ProgramFiles(x86)'] => C:\Program Files (x86)
$_SERVER['ProgramW6432'] => C:\Program Files
$_SERVER['PSModulePath'] => C:\Users\polas\OneDrive\Dokumenty\PowerShell\Modules;C:\Program Files\PowerShell\Modules;c:\program files\powershell\7\Modules;C:\Program Files\WindowsPowerShell\Modules;C:\WINDOWS\system32\WindowsPowerShell\v1.0\Modules
$_SERVER['PUBLIC'] => C:\Users\Public
$_SERVER['SESSIONNAME'] => Console
$_SERVER['SHIM_MCCOMPAT'] => 0x810000001
$_SERVER['SSH_SOCKET_DIR'] => ~/.ssh
$_SERVER['SystemDrive'] => C:
$_SERVER['SystemRoot'] => C:\WINDOWS
$_SERVER['TEMP'] => C:\Users\polas\AppData\Local\Temp
$_SERVER['TERM_PROGRAM'] => WarpTerminal
$_SERVER['TMP'] => C:\Users\polas\AppData\Local\Temp
$_SERVER['USERDOMAIN'] => HEROELPIW
$_SERVER['USERDOMAIN_ROAMINGPROFILE'] => HEROELPIW
$_SERVER['USERNAME'] => polas
$_SERVER['USERPROFILE'] => C:\Users\polas
$_SERVER['WARP_HONOR_PS1'] => 0
$_SERVER['WARP_IS_LOCAL_SHELL_SESSION'] => 1
$_SERVER['WARP_SHELL_DEBUG_MODE'] => 0
$_SERVER['WARP_USE_SSH_WRAPPER'] => 1
$_SERVER['windir'] => C:\WINDOWS
$_SERVER['ZES_ENABLE_SYSMAN'] => 1
$_SERVER['PHP_SELF'] => Standard input code
$_SERVER['SCRIPT_NAME'] => Standard input code
$_SERVER['SCRIPT_FILENAME'] => 
$_SERVER['PATH_TRANSLATED'] => 
$_SERVER['DOCUMENT_ROOT'] => 
$_SERVER['REQUEST_TIME_FLOAT'] => 1752606633.8404
$_SERVER['REQUEST_TIME'] => 1752606633
$_SERVER['argv'] => Array
(
    [0] => Standard input code
)

$_SERVER['argc'] => 1


 _______________________________________________________________________

PHP Credits

PHP Group
Thies C. Arntzen, Stig Bakken, Shane Caraveo, Andi Gutmans, Rasmus Lerdorf, Sam Ruby, Sascha Schumann, Zeev Suraski, Jim Winstead, Andrei Zmievski

Language Design & Concept
Andi Gutmans, Rasmus Lerdorf, Zeev Suraski, Marcus Boerger

                               PHP Authors                               
Contribution => Authors
Zend Scripting Language Engine => Andi Gutmans, Zeev Suraski, Stanislav Malyshev, Marcus Boerger, Dmitry Stogov, Xinchen Hui, Nikita Popov
Extension Module API => Andi Gutmans, Zeev Suraski, Andrei Zmievski
UNIX Build and Modularization => Stig Bakken, Sascha Schumann, Jani Taskinen, Peter Kokot
Windows Support => Shane Caraveo, Zeev Suraski, Wez Furlong, Pierre-Alain Joye, Anatol Belski, Kalle Sommer Nielsen
Server API (SAPI) Abstraction Layer => Andi Gutmans, Shane Caraveo, Zeev Suraski
Streams Abstraction Layer => Wez Furlong, Sara Golemon
PHP Data Objects Layer => Wez Furlong, Marcus Boerger, Sterling Hughes, George Schlossnagle, Ilia Alshanetsky
Output Handler => Zeev Suraski, Thies C. Arntzen, Marcus Boerger, Michael Wallner
Consistent 64 bit support => Anthony Ferrara, Anatol Belski

                               SAPI Modules                               
Contribution => Authors
Apache 2 Handler => Ian Holsman, Justin Erenkrantz (based on Apache 2 Filter code)
CGI / FastCGI => Rasmus Lerdorf, Stig Bakken, Shane Caraveo, Dmitry Stogov
CLI => Edin Kadribasic, Marcus Boerger, Johannes Schlueter, Moriyoshi Koizumi, Xinchen Hui
Embed => Edin Kadribasic
FastCGI Process Manager => Andrei Nigmatulin, dreamcat4, Antony Dovgal, Jerome Loyet
litespeed => George Wang
phpdbg => Felipe Pena, Joe Watkins, Bob Weinand

                              Module Authors                              
Module => Authors
BC Math => Andi Gutmans
Bzip2 => Sterling Hughes
Calendar => Shane Caraveo, Colin Viebrock, Hartmut Holzgraefe, Wez Furlong
COM and .Net => Wez Furlong
ctype => Hartmut Holzgraefe
cURL => Sterling Hughes
Date/Time Support => Derick Rethans
DB-LIB (MS SQL, Sybase) => Wez Furlong, Frank M. Kromann, Adam Baratz
DBA => Sascha Schumann, Marcus Boerger
DOM => Christian Stocker, Rob Richards, Marcus Boerger, Niels Dossche
enchant => Pierre-Alain Joye, Ilia Alshanetsky
EXIF => Rasmus Lerdorf, Marcus Boerger
FFI => Dmitry Stogov
fileinfo => Ilia Alshanetsky, Pierre Alain Joye, Scott MacVicar, Derick Rethans, Anatol Belski
Firebird driver for PDO => Ard Biesheuvel
FTP => Stefan Esser, Andrew Skalski
GD imaging => Rasmus Lerdorf, Stig Bakken, Jim Winstead, Jouni Ahto, Ilia Alshanetsky, Pierre-Alain Joye, Marcus Boerger, Mark Randall
GetText => Alex Plotnick
GNU GMP support => Stanislav Malyshev
Iconv => Rui Hirokawa, Stig Bakken, Moriyoshi Koizumi
Input Filter => Rasmus Lerdorf, Derick Rethans, Pierre-Alain Joye, Ilia Alshanetsky
Internationalization => Ed Batutis, Vladimir Iordanov, Dmitry Lakhtyuk, Stanislav Malyshev, Vadim Savchuk, Kirti Velankar
JSON => Jakub Zelenka, Omar Kilani, Scott MacVicar
LDAP => Amitay Isaacs, Eric Warnke, Rasmus Lerdorf, Gerrit Thomson, Stig Venaas
LIBXML => Christian Stocker, Rob Richards, Marcus Boerger, Wez Furlong, Shane Caraveo
Multibyte String Functions => Tsukada Takuya, Rui Hirokawa
MySQL driver for PDO => George Schlossnagle, Wez Furlong, Ilia Alshanetsky, Johannes Schlueter
MySQLi => Zak Greant, Georg Richter, Andrey Hristov, Ulf Wendel
MySQLnd => Andrey Hristov, Ulf Wendel, Georg Richter, Johannes Schl├╝ter
ODBC driver for PDO => Wez Furlong
ODBC => Stig Bakken, Andreas Karajannis, Frank M. Kromann, Daniel R. Kalowsky
Opcache => Andi Gutmans, Zeev Suraski, Stanislav Malyshev, Dmitry Stogov, Xinchen Hui
OpenSSL => Stig Venaas, Wez Furlong, Sascha Kettler, Scott MacVicar, Eliot Lear
pcntl => Jason Greene, Arnaud Le Blanc
Perl Compatible Regexps => Andrei Zmievski
PHP Archive => Gregory Beaver, Marcus Boerger
PHP Data Objects => Wez Furlong, Marcus Boerger, Sterling Hughes, George Schlossnagle, Ilia Alshanetsky
PHP hash => Sara Golemon, Rasmus Lerdorf, Stefan Esser, Michael Wallner, Scott MacVicar
Posix => Kristian Koehntopp
PostgreSQL driver for PDO => Edin Kadribasic, Ilia Alshanetsky
PostgreSQL => Jouni Ahto, Zeev Suraski, Yasuo Ohgaki, Chris Kings-Lynne
random => Go Kudo, Tim D├╝sterhus, Guilliam Xavier, Christoph M. Becker, Jakub Zelenka, Bob Weinand, M├ít├ę Kocsis, and Original RNG implementators
Readline => Thies C. Arntzen
Reflection => Marcus Boerger, Timm Friebe, George Schlossnagle, Andrei Zmievski, Johannes Schlueter
Sessions => Sascha Schumann, Andrei Zmievski
Shared Memory Operations => Slava Poliakov, Ilia Alshanetsky
SimpleXML => Sterling Hughes, Marcus Boerger, Rob Richards
SNMP => Rasmus Lerdorf, Harrie Hazewinkel, Mike Jackson, Steven Lawrance, Johann Hanne, Boris Lytochkin
SOAP => Brad Lafountain, Shane Caraveo, Dmitry Stogov
Sockets => Chris Vandomelen, Sterling Hughes, Daniel Beulshausen, Jason Greene
Sodium => Frank Denis
SPL => Marcus Boerger, Etienne Kneuss
SQLite 3.x driver for PDO => Wez Furlong
SQLite3 => Scott MacVicar, Ilia Alshanetsky, Brad Dewar
System V Message based IPC => Wez Furlong
System V Semaphores => Tom May
System V Shared Memory => Christian Cartus
tidy => John Coggeshall, Ilia Alshanetsky
tokenizer => Andrei Zmievski, Johannes Schlueter
XML => Stig Bakken, Thies C. Arntzen, Sterling Hughes
XMLReader => Rob Richards
XMLWriter => Rob Richards, Pierre-Alain Joye
XSL => Christian Stocker, Rob Richards
Zip => Pierre-Alain Joye, Remi Collet
Zlib => Rasmus Lerdorf, Stefan Roehrich, Zeev Suraski, Jade Nicoletti, Michael Wallner

                            PHP Documentation                            
Authors => Mehdi Achour, Friedhelm Betz, Antony Dovgal, Nuno Lopes, Hannes Magnusson, Philip Olson, Georg Richter, Damien Seguy, Jakub Vrana, Adam Harvey
Editor => Peter Cowburn
User Note Maintainers => Daniel P. Brown, Thiago Henrique Pojda
Other Contributors => Previously active authors, editors and other contributors are listed in the manual.

PHP Quality Assurance Team
Ilia Alshanetsky, Joerg Behrens, Antony Dovgal, Stefan Esser, Moriyoshi Koizumi, Magnus Maatta, Sebastian Nohn, Derick Rethans, Melvyn Sopacua, Pierre-Alain Joye, Dmitry Stogov, Felipe Pena, David Soria Parra, Stanislav Malyshev, Julien Pauli, Stephen Zarkos, Anatol Belski, Remi Collet, Ferenc Kovacs

                     Websites and Infrastructure team                     
PHP Websites Team => Rasmus Lerdorf, Hannes Magnusson, Philip Olson, Lukas Kahwe Smith, Pierre-Alain Joye, Kalle Sommer Nielsen, Peter Cowburn, Adam Harvey, Ferenc Kovacs, Levi Morrison
Event Maintainers => Damien Seguy, Daniel P. Brown
Network Infrastructure => Daniel P. Brown
Windows Infrastructure => Alex Schoenmaker

PHP License
This program is free software; you can redistribute it and/or modify
it under the terms of the PHP License as published by the PHP Group
and included in the distribution in the file:  LICENSE

This program is distributed in the hope that it will be useful,
but WITHOUT ANY WARRANTY; without even the implied warranty of
MERCHANTABILITY or FITNESS FOR A PARTICULAR PURPOSE.

If you did not receive a copy of the PHP license, or have any
questions about PHP licensing, please contact license@php.net.
